// Jest Snapshot v1, https://goo.gl/fbAQLP

exports[`[Component]: Button should match snapshot 1`] = `
<div>
  <button
    class="sc-AxjAm itLOjr"
  >
    Click Me
  </button>
</div>
`;
