// Jest Snapshot v1, https://goo.gl/fbAQLP

exports[`[Component]: Loading should match snapshot 1`] = `
<div>
  <p>
    Loading...
  </p>
</div>
`;
